id, card_front, card_back, notes, time_due, review_interval, correct_in_a_row, ease
2, add, 追加,note to self,2023-10-16 06:25:47,1.0,0,2.5