user_id, interface_language, volume, audio_on, hints_on, romaji_on, dark_mode
1,"Japanese", 8, 0,0,0,0